// Jest Snapshot v1, https://goo.gl/fbAQLP

exports[`Component Layout renders correctly 1`] = `
<div
  className="app"
>
  test
  <style
    global={true}
    jsx={true}
  >
    
      * {
        box-sizing: border-box;
        outline: none;
      }
      body,
      html {
        height: 100%;
      }
      body {
        margin: 0;
        font-family: Lantinghei SC, Microsoft Yahei, Hiragino Sans GB, Helvetica Neue, Helvetica, Arial, sans-serif;
        font-size: 13px;
        line-height: 1.5;
      }
    
  </style>
</div>
`;

exports[`Component Layout renders title correctly 1`] = `
<div
  className="app"
>
  test
  <style
    global={true}
    jsx={true}
  >
    
      * {
        box-sizing: border-box;
        outline: none;
      }
      body,
      html {
        height: 100%;
      }
      body {
        margin: 0;
        font-family: Lantinghei SC, Microsoft Yahei, Hiragino Sans GB, Helvetica Neue, Helvetica, Arial, sans-serif;
        font-size: 13px;
        line-height: 1.5;
      }
    
  </style>
</div>
`;
